[backblue.gif]
[fade.gif]
[index.html]
[marcimetzger.com/manifest.webmanifest]
[img1.wsimg.com/isteam/ip/067a4d42-19e8-46d9-9bed-578bf62dd44e/mtn falls pond.jpg]
[marcimetzger.com/index.html]
[marcimetzger.com/sw.js]
[marcimetzger.com/listings.html]
[marcimetzger.com/lets-move.html]
[marcimetzger.com/about-us.html]
[img1.wsimg.com/blobby/go/067a4d42-19e8-46d9-9bed-578bf62dd44e/gpub/704363f8bb1da2d4/script.js]
[img1.wsimg.com/ceph-p3-01/website-builder-data-prod/static/widgets/UX.4.51.17.js]
[img1.wsimg.com/blobby/go/067a4d42-19e8-46d9-9bed-578bf62dd44e/gpub/ba0e1a00cf64f1d/script.js]
[img1.wsimg.com/signals/js/clients/scc-c2/scc-c2.min.js]
[marcimetzger.com/e.html]
[marcimetzger.com/String(e.html]
[marcimetzger.com/e.url.html]
[marcimetzger.com/e.url,location.href.html]
[marcimetzger.com/e,location.href.html]
[marcimetzger.com/s,location.href.html]
[marcimetzger.com/_/theridgerealty.idxbroker.com/idx/widgets/14550___/script__/body__.html]
[img1.wsimg.com/blobby/go/067a4d42-19e8-46d9-9bed-578bf62dd44e/gpub/ccb5945417c3d1c6/script.js]
[img1.wsimg.com/blobby/go/067a4d42-19e8-46d9-9bed-578bf62dd44e/gpub/adacffdab0e4a699/script.js]
[img1.wsimg.com/blobby/go/067a4d42-19e8-46d9-9bed-578bf62dd44e/gpub/cddf9ccfc6972a4b/script.js]
[img1.wsimg.com/blobby/go/067a4d42-19e8-46d9-9bed-578bf62dd44e/gpub/1acc94804f942986/script.js]
[img1.wsimg.com/blobby/go/067a4d42-19e8-46d9-9bed-578bf62dd44e/gpub/bc104ffae095fc3a/script.js]
[img1.wsimg.com/blobby/go/067a4d42-19e8-46d9-9bed-578bf62dd44e/gpub/b08b5625789bb983/script.js]
[marcimetzger.com/e.url,s.base.html]
[marcimetzger.com/_/index.html]
[img1.wsimg.com/signals/js/clients/tti/tti.min.js]
